{
    "extensions": {
        "bluerobotics.blueos-bb": [
            {
                "message": "Starting metadata processing for bluerobotics.blueos-bb",
                "status": "INFO"
            },
            {
                "message": "Finished metadata processing for bluerobotics.blueos-bb",
                "status": "INFO"
            },
            {
                "message": "Unable to fetch tags for bluerobotics.blueos-bb, error: Error on GET Docker HUB API with status 429 on call to https://hub.docker.com/v2//repositories/patrickelectric/blueos-bb/tags?page_size=25&page=1&ordering=last_updated",
                "status": "ERROR"
            }
        ],
        "bluerobotics.blueos-documentation": [
            {
                "message": "Starting metadata processing for bluerobotics.blueos-documentation",
                "status": "INFO"
            },
            {
                "message": "Finished metadata processing for bluerobotics.blueos-documentation",
                "status": "INFO"
            },
            {
                "message": "Invalid tag name master for extension bluerobotics.blueos-documentation, error: Invalid version naming: master",
                "status": "ERROR"
            },
            {
                "message": "Failed to generate version 2025.2.8 for extension bluerobotics.blueos-documentation, error: Error on Docker Auth API with status 401",
                "status": "ERROR"
            }
        ],
        "bluerobotics.cellular-modem-manager": [
            {
                "message": "Starting metadata processing for bluerobotics.cellular-modem-manager",
                "status": "INFO"
            },
            {
                "message": "Finished metadata processing for bluerobotics.cellular-modem-manager",
                "status": "INFO"
            },
            {
                "message": "Invalid tag name latest for extension bluerobotics.cellular-modem-manager, error: Invalid version naming: latest",
                "status": "ERROR"
            },
            {
                "message": "Invalid tag name master for extension bluerobotics.cellular-modem-manager, error: Invalid version naming: master",
                "status": "ERROR"
            },
            {
                "message": "Invalid tag name add-deploy-extension for extension bluerobotics.cellular-modem-manager, error: Invalid version naming: add-deploy-extension",
                "status": "ERROR"
            },
            {
                "message": "Failed to generate version 0.3.2 for extension bluerobotics.cellular-modem-manager, error: Error on Docker Auth API with status 401",
                "status": "ERROR"
            },
            {
                "message": "Failed to generate version 0.2.0 for extension bluerobotics.cellular-modem-manager, error: Error on Docker Auth API with status 401",
                "status": "ERROR"
            },
            {
                "message": "Failed to generate version 0.1.0 for extension bluerobotics.cellular-modem-manager, error: Error on Docker Auth API with status 401",
                "status": "ERROR"
            },
            {
                "message": "Failed to generate version 0.3.0 for extension bluerobotics.cellular-modem-manager, error: Error on Docker Auth API with status 401",
                "status": "ERROR"
            },
            {
                "message": "Failed to generate version 0.3.1 for extension bluerobotics.cellular-modem-manager, error: Error on Docker Auth API with status 401",
                "status": "ERROR"
            },
            {
                "message": "Failed to generate version 0.3.3 for extension bluerobotics.cellular-modem-manager, error: Error on Docker Auth API with status 401",
                "status": "ERROR"
            }
        ],
        "bluerobotics.cockpit": [
            {
                "message": "Starting metadata processing for bluerobotics.cockpit",
                "status": "INFO"
            },
            {
                "message": "Finished metadata processing for bluerobotics.cockpit",
                "status": "INFO"
            },
            {
                "message": "Invalid tag name master for extension bluerobotics.cockpit, error: Invalid version naming: master",
                "status": "ERROR"
            },
            {
                "message": "Failed to generate version v1.18.0-beta.3 for extension bluerobotics.cockpit, error: Error on Docker Auth API with status 401",
                "status": "ERROR"
            },
            {
                "message": "Failed to generate version v1.17.0-beta.11 for extension bluerobotics.cockpit, error: Error on Docker Auth API with status 401",
                "status": "ERROR"
            },
            {
                "message": "Failed to generate version v1.17.0-beta.10 for extension bluerobotics.cockpit, error: Error on Docker Auth API with status 401",
                "status": "ERROR"
            },
            {
                "message": "Failed to generate version v1.18.0-beta.5 for extension bluerobotics.cockpit, error: Error on Docker Auth API with status 401",
                "status": "ERROR"
            },
            {
                "message": "Failed to generate version v1.17.0 for extension bluerobotics.cockpit, error: Error on Docker Auth API with status 401",
                "status": "ERROR"
            },
            {
                "message": "Failed to generate version v1.18.0-beta.1 for extension bluerobotics.cockpit, error: Error on Docker Auth API with status 401",
                "status": "ERROR"
            },
            {
                "message": "Failed to generate version v1.17.0-beta.8 for extension bluerobotics.cockpit, error: Error on Docker Auth API with status 401",
                "status": "ERROR"
            },
            {
                "message": "Failed to generate version v1.17.0-beta.6 for extension bluerobotics.cockpit, error: Error on Docker Auth API with status 401",
                "status": "ERROR"
            },
            {
                "message": "Failed to generate version v1.18.0-beta.9 for extension bluerobotics.cockpit, error: Error on Docker Auth API with status 401",
                "status": "ERROR"
            },
            {
                "message": "Failed to generate version v1.17.0-beta.12 for extension bluerobotics.cockpit, error: Error on Docker Auth API with status 401",
                "status": "ERROR"
            },
            {
                "message": "Failed to generate version v1.18.0-beta.6 for extension bluerobotics.cockpit, error: Error on Docker Auth API with status 401",
                "status": "ERROR"
            },
            {
                "message": "Failed to generate version v1.18.0-beta.7 for extension bluerobotics.cockpit, error: Error on Docker Auth API with status 401",
                "status": "ERROR"
            },
            {
                "message": "Failed to generate version v1.18.0-beta.4 for extension bluerobotics.cockpit, error: Error on Docker Auth API with status 401",
                "status": "ERROR"
            },
            {
                "message": "Failed to generate version v1.17.0-beta.7 for extension bluerobotics.cockpit, error: Error on Docker Auth API with status 401",
                "status": "ERROR"
            },
            {
                "message": "Failed to generate version v1.18.0-beta.2 for extension bluerobotics.cockpit, error: Error on Docker Auth API with status 401",
                "status": "ERROR"
            },
            {
                "message": "Failed to generate version v1.18.0-beta.8 for extension bluerobotics.cockpit, error: Error on Docker Auth API with status 401",
                "status": "ERROR"
            },
            {
                "message": "Failed to generate version v1.17.0-beta.2 for extension bluerobotics.cockpit, error: Error on Docker Auth API with status 401",
                "status": "ERROR"
            },
            {
                "message": "Failed to generate version v1.17.0-beta.9 for extension bluerobotics.cockpit, error: Error on Docker Auth API with status 401",
                "status": "ERROR"
            },
            {
                "message": "Failed to generate version v1.16.0 for extension bluerobotics.cockpit, error: Error on Docker Auth API with status 401",
                "status": "ERROR"
            },
            {
                "message": "Failed to generate version v1.17.0-beta.4 for extension bluerobotics.cockpit, error: Error on Docker Auth API with status 401",
                "status": "ERROR"
            },
            {
                "message": "Failed to generate version v1.17.0-beta.5 for extension bluerobotics.cockpit, error: Error on Docker Auth API with status 401",
                "status": "ERROR"
            },
            {
                "message": "Failed to generate version v1.17.0-beta.1 for extension bluerobotics.cockpit, error: Error on Docker Auth API with status 401",
                "status": "ERROR"
            },
            {
                "message": "Failed to generate version v1.17.0-beta.3 for extension bluerobotics.cockpit, error: Error on Docker Auth API with status 401",
                "status": "ERROR"
            },
            {
                "message": "Failed to generate version v1.16.0-beta.15 for extension bluerobotics.cockpit, error: Error on Docker Auth API with status 401",
                "status": "ERROR"
            }
        ],
        "bluerobotics.jupyter": [
            {
                "message": "Starting metadata processing for bluerobotics.jupyter",
                "status": "INFO"
            },
            {
                "message": "Finished metadata processing for bluerobotics.jupyter",
                "status": "INFO"
            },
            {
                "message": "Invalid tag name latest for extension bluerobotics.jupyter, error: Invalid version naming: latest",
                "status": "ERROR"
            },
            {
                "message": "Invalid tag name main for extension bluerobotics.jupyter, error: Invalid version naming: main",
                "status": "ERROR"
            },
            {
                "message": "Failed to generate version 0.0.0 for extension bluerobotics.jupyter, error: Error on Docker Auth API with status 401",
                "status": "ERROR"
            },
            {
                "message": "Failed to generate version 0.1.0 for extension bluerobotics.jupyter, error: Error on Docker Auth API with status 401",
                "status": "ERROR"
            },
            {
                "message": "Failed to generate version 0.2.0 for extension bluerobotics.jupyter, error: Error on Docker Auth API with status 401",
                "status": "ERROR"
            }
        ],
        "bluerobotics.navigator-webassistant": [
            {
                "message": "Starting metadata processing for bluerobotics.navigator-webassistant",
                "status": "INFO"
            },
            {
                "message": "Finished metadata processing for bluerobotics.navigator-webassistant",
                "status": "INFO"
            },
            {
                "message": "Invalid tag name latest for extension bluerobotics.navigator-webassistant, error: Invalid version naming: latest",
                "status": "ERROR"
            },
            {
                "message": "Failed to generate version 0.0.0 for extension bluerobotics.navigator-webassistant, error: Error on Docker Auth API with status 401",
                "status": "ERROR"
            }
        ],
        "bluerobotics.node-red": [
            {
                "message": "Starting metadata processing for bluerobotics.node-red",
                "status": "INFO"
            },
            {
                "message": "Finished metadata processing for bluerobotics.node-red",
                "status": "INFO"
            },
            {
                "message": "Invalid tag name update-node-red for extension bluerobotics.node-red, error: Invalid version naming: update-node-red",
                "status": "ERROR"
            },
            {
                "message": "Failed to generate version 1.1.0 for extension bluerobotics.node-red, error: Error on Docker Auth API with status 401",
                "status": "ERROR"
            },
            {
                "message": "Failed to generate version 1.0.3 for extension bluerobotics.node-red, error: Error on Docker Auth API with status 401",
                "status": "ERROR"
            },
            {
                "message": "Failed to generate version 1.0.2 for extension bluerobotics.node-red, error: Error on Docker Auth API with status 401",
                "status": "ERROR"
            },
            {
                "message": "Failed to generate version 1.0.1 for extension bluerobotics.node-red, error: Error on Docker Auth API with status 401",
                "status": "ERROR"
            },
            {
                "message": "Failed to generate version 1.0.0 for extension bluerobotics.node-red, error: Error on Docker Auth API with status 401",
                "status": "ERROR"
            }
        ],
        "bluerobotics.openvscode": [
            {
                "message": "Starting metadata processing for bluerobotics.openvscode",
                "status": "INFO"
            },
            {
                "message": "Finished metadata processing for bluerobotics.openvscode",
                "status": "INFO"
            },
            {
                "message": "Unable to fetch tags for bluerobotics.openvscode, error: Error on GET Docker HUB API with status 429 on call to https://hub.docker.com/v2//repositories/patrickelectric/blueos-openvscode/",
                "status": "ERROR"
            }
        ],
        "bluerobotics.ping-viewer-next": [
            {
                "message": "Starting metadata processing for bluerobotics.ping-viewer-next",
                "status": "INFO"
            },
            {
                "message": "Finished metadata processing for bluerobotics.ping-viewer-next",
                "status": "INFO"
            },
            {
                "message": "Failed to generate version 1.0.0-beta.14 for extension bluerobotics.ping-viewer-next, error: Error on Docker Auth API with status 401",
                "status": "ERROR"
            },
            {
                "message": "Failed to generate version 1.0.0-beta.7 for extension bluerobotics.ping-viewer-next, error: Error on Docker Auth API with status 401",
                "status": "ERROR"
            },
            {
                "message": "Failed to generate version 1.0.0-beta.8 for extension bluerobotics.ping-viewer-next, error: Error on Docker Auth API with status 401",
                "status": "ERROR"
            },
            {
                "message": "Failed to generate version 1.0.0-beta.4 for extension bluerobotics.ping-viewer-next, error: Error on Docker Auth API with status 401",
                "status": "ERROR"
            },
            {
                "message": "Failed to generate version 1.0.0-beta.9 for extension bluerobotics.ping-viewer-next, error: Error on Docker Auth API with status 401",
                "status": "ERROR"
            },
            {
                "message": "Failed to generate version 1.0.0-beta.11 for extension bluerobotics.ping-viewer-next, error: Error on Docker Auth API with status 401",
                "status": "ERROR"
            },
            {
                "message": "Failed to generate version 1.0.0-beta.12 for extension bluerobotics.ping-viewer-next, error: Error on Docker Auth API with status 401",
                "status": "ERROR"
            },
            {
                "message": "Failed to generate version 1.0.0-beta.10 for extension bluerobotics.ping-viewer-next, error: Error on Docker Auth API with status 401",
                "status": "ERROR"
            },
            {
                "message": "Failed to generate version 1.0.0-beta.13 for extension bluerobotics.ping-viewer-next, error: Error on Docker Auth API with status 401",
                "status": "ERROR"
            },
            {
                "message": "Failed to generate version 1.0.0-beta.6 for extension bluerobotics.ping-viewer-next, error: Error on Docker Auth API with status 401",
                "status": "ERROR"
            },
            {
                "message": "Failed to generate version 1.0.0-beta.5 for extension bluerobotics.ping-viewer-next, error: Error on Docker Auth API with status 401",
                "status": "ERROR"
            }
        ],
        "bluerobotics.power-switch-calibration": [
            {
                "message": "Starting metadata processing for bluerobotics.power-switch-calibration",
                "status": "INFO"
            },
            {
                "message": "Finished metadata processing for bluerobotics.power-switch-calibration",
                "status": "INFO"
            },
            {
                "message": "Invalid tag name latest for extension bluerobotics.power-switch-calibration, error: Invalid version naming: latest",
                "status": "ERROR"
            },
            {
                "message": "Failed to generate version v1.0.0 for extension bluerobotics.power-switch-calibration, error: Error on Docker Auth API with status 401",
                "status": "ERROR"
            }
        ],
        "bluerobotics.radcam-manager": [
            {
                "message": "Starting metadata processing for bluerobotics.radcam-manager",
                "status": "INFO"
            },
            {
                "message": "Finished metadata processing for bluerobotics.radcam-manager",
                "status": "INFO"
            },
            {
                "message": "Invalid tag name master for extension bluerobotics.radcam-manager, error: Invalid version naming: master",
                "status": "ERROR"
            },
            {
                "message": "Invalid tag name latest for extension bluerobotics.radcam-manager, error: Invalid version naming: latest",
                "status": "ERROR"
            },
            {
                "message": "Failed to generate version 0.2.0-beta.3 for extension bluerobotics.radcam-manager, error: Error on Docker Auth API with status 401",
                "status": "ERROR"
            },
            {
                "message": "Failed to generate version 0.2.0-beta.2 for extension bluerobotics.radcam-manager, error: Error on Docker Auth API with status 401",
                "status": "ERROR"
            },
            {
                "message": "Failed to generate version 0.1.3 for extension bluerobotics.radcam-manager, error: Error on Docker Auth API with status 401",
                "status": "ERROR"
            },
            {
                "message": "Failed to generate version 0.2.0-beta.6 for extension bluerobotics.radcam-manager, error: Error on Docker Auth API with status 401",
                "status": "ERROR"
            },
            {
                "message": "Failed to generate version 0.2.0-beta.10 for extension bluerobotics.radcam-manager, error: Error on Docker Auth API with status 401",
                "status": "ERROR"
            },
            {
                "message": "Failed to generate version 0.2.0-beta.4 for extension bluerobotics.radcam-manager, error: Error on Docker Auth API with status 401",
                "status": "ERROR"
            },
            {
                "message": "Failed to generate version 0.2.0-beta.1 for extension bluerobotics.radcam-manager, error: Error on Docker Auth API with status 401",
                "status": "ERROR"
            },
            {
                "message": "Failed to generate version 0.2.0-beta.8 for extension bluerobotics.radcam-manager, error: Error on Docker Auth API with status 401",
                "status": "ERROR"
            },
            {
                "message": "Failed to generate version 0.2.0-beta.7 for extension bluerobotics.radcam-manager, error: Error on Docker Auth API with status 401",
                "status": "ERROR"
            },
            {
                "message": "Failed to generate version 0.2.0-beta.12 for extension bluerobotics.radcam-manager, error: Error on Docker Auth API with status 401",
                "status": "ERROR"
            },
            {
                "message": "Failed to generate version 0.2.0-beta.13 for extension bluerobotics.radcam-manager, error: Error on Docker Auth API with status 401",
                "status": "ERROR"
            },
            {
                "message": "Failed to generate version 0.2.0-beta.14 for extension bluerobotics.radcam-manager, error: Error on Docker Auth API with status 401",
                "status": "ERROR"
            },
            {
                "message": "Failed to generate version 0.1.4 for extension bluerobotics.radcam-manager, error: Error on Docker Auth API with status 401",
                "status": "ERROR"
            },
            {
                "message": "Failed to generate version 0.1.2 for extension bluerobotics.radcam-manager, error: Error on Docker Auth API with status 401",
                "status": "ERROR"
            },
            {
                "message": "Failed to generate version 0.2.0-beta.11 for extension bluerobotics.radcam-manager, error: Error on Docker Auth API with status 401",
                "status": "ERROR"
            },
            {
                "message": "Failed to generate version 0.2.0-beta.5 for extension bluerobotics.radcam-manager, error: Error on Docker Auth API with status 401",
                "status": "ERROR"
            },
            {
                "message": "Failed to generate version 0.2.0-beta.9 for extension bluerobotics.radcam-manager, error: Error on Docker Auth API with status 401",
                "status": "ERROR"
            }
        ],
        "bluerobotics.ros": [
            {
                "message": "Starting metadata processing for bluerobotics.ros",
                "status": "INFO"
            },
            {
                "message": "Finished metadata processing for bluerobotics.ros",
                "status": "INFO"
            },
            {
                "message": "Invalid tag name test for extension bluerobotics.ros, error: Invalid version naming: test",
                "status": "ERROR"
            },
            {
                "message": "Invalid tag name latest for extension bluerobotics.ros, error: Invalid version naming: latest",
                "status": "ERROR"
            },
            {
                "message": "Failed to generate version 0.0.1 for extension bluerobotics.ros, error: Error on Docker Auth API with status 401",
                "status": "ERROR"
            },
            {
                "message": "Failed to generate version 0.0.2 for extension bluerobotics.ros, error: Error on Docker Auth API with status 401",
                "status": "ERROR"
            }
        ],
        "bluerobotics.water-linked-dvl": [
            {
                "message": "Starting metadata processing for bluerobotics.water-linked-dvl",
                "status": "INFO"
            },
            {
                "message": "Finished metadata processing for bluerobotics.water-linked-dvl",
                "status": "INFO"
            },
            {
                "message": "Unable to fetch tags for bluerobotics.water-linked-dvl, error: Error on GET Docker HUB API with status 429 on call to https://hub.docker.com/v2//repositories/bluerobotics/blueos-water-linked-dvl/",
                "status": "ERROR"
            }
        ],
        "bluerobotics.yacht": [
            {
                "message": "Starting metadata processing for bluerobotics.yacht",
                "status": "INFO"
            },
            {
                "message": "Finished metadata processing for bluerobotics.yacht",
                "status": "INFO"
            },
            {
                "message": "Failed to generate version 1.0.0 for extension bluerobotics.yacht, error: Error on Docker Auth API with status 401",
                "status": "ERROR"
            }
        ],
        "ceruleansonar.cerulean-docs": [
            {
                "message": "Starting metadata processing for ceruleansonar.cerulean-docs",
                "status": "INFO"
            },
            {
                "message": "Extension logo not found for ceruleansonar.cerulean-docs, trying to use company logo as alternative",
                "status": "WARNING"
            },
            {
                "message": "Finished metadata processing for ceruleansonar.cerulean-docs",
                "status": "INFO"
            },
            {
                "message": "Unable to fetch tags for ceruleansonar.cerulean-docs, error: Error on GET Docker HUB API with status 429 on call to https://hub.docker.com/v2//repositories/nicknothom/blueos-cerulean-docs/",
                "status": "ERROR"
            }
        ],
        "ceruleansonar.cerulean-dvl": [
            {
                "message": "Starting metadata processing for ceruleansonar.cerulean-dvl",
                "status": "INFO"
            },
            {
                "message": "Extension logo not found for ceruleansonar.cerulean-dvl, trying to use company logo as alternative",
                "status": "WARNING"
            },
            {
                "message": "Finished metadata processing for ceruleansonar.cerulean-dvl",
                "status": "INFO"
            },
            {
                "message": "Unable to fetch tags for ceruleansonar.cerulean-dvl, error: Error on GET Docker HUB API with status 429 on call to https://hub.docker.com/v2//repositories/nicknothom/blueos-cerulean-dvl/tags?page_size=25&page=1&ordering=last_updated",
                "status": "ERROR"
            }
        ],
        "ceruleansonar.sonarview": [
            {
                "message": "Starting metadata processing for ceruleansonar.sonarview",
                "status": "INFO"
            },
            {
                "message": "Extension logo not found for ceruleansonar.sonarview, trying to use company logo as alternative",
                "status": "WARNING"
            },
            {
                "message": "Finished metadata processing for ceruleansonar.sonarview",
                "status": "INFO"
            },
            {
                "message": "Unable to fetch tags for ceruleansonar.sonarview, error: Error on GET Docker HUB API with status 429 on call to https://hub.docker.com/v2//repositories/nicknothom/sonarview/tags?page_size=25&page=1&ordering=last_updated",
                "status": "ERROR"
            }
        ],
        "clydemcqueen.surftrak_fixit": [
            {
                "message": "Starting metadata processing for clydemcqueen.surftrak_fixit",
                "status": "INFO"
            },
            {
                "message": "Finished metadata processing for clydemcqueen.surftrak_fixit",
                "status": "INFO"
            },
            {
                "message": "Failed to generate version v1.0.0-beta.2 for extension clydemcqueen.surftrak_fixit, error: Error on Docker Auth API with status 401",
                "status": "ERROR"
            },
            {
                "message": "Failed to generate version v1.0.0-beta.1 for extension clydemcqueen.surftrak_fixit, error: Error on Docker Auth API with status 401",
                "status": "ERROR"
            }
        ],
        "clydemcqueen.wl_ugps_external": [
            {
                "message": "Starting metadata processing for clydemcqueen.wl_ugps_external",
                "status": "INFO"
            },
            {
                "message": "Finished metadata processing for clydemcqueen.wl_ugps_external",
                "status": "INFO"
            },
            {
                "message": "Failed to generate version v1.1.0-beta.1 for extension clydemcqueen.wl_ugps_external, error: Error on Docker Auth API with status 401",
                "status": "ERROR"
            },
            {
                "message": "Failed to generate version v1.0.3 for extension clydemcqueen.wl_ugps_external, error: Error on Docker Auth API with status 401",
                "status": "ERROR"
            },
            {
                "message": "Failed to generate version v1.0.1 for extension clydemcqueen.wl_ugps_external, error: Error on Docker Auth API with status 401",
                "status": "ERROR"
            },
            {
                "message": "Failed to generate version v1.0.2 for extension clydemcqueen.wl_ugps_external, error: Error on Docker Auth API with status 401",
                "status": "ERROR"
            }
        ],
        "deepwaterexploration.dwe_os_2": [
            {
                "message": "Starting metadata processing for deepwaterexploration.dwe_os_2",
                "status": "INFO"
            },
            {
                "message": "Finished metadata processing for deepwaterexploration.dwe_os_2",
                "status": "INFO"
            },
            {
                "message": "Invalid tag name latest for extension deepwaterexploration.dwe_os_2, error: Invalid version naming: latest",
                "status": "ERROR"
            },
            {
                "message": "Invalid tag name test for extension deepwaterexploration.dwe_os_2, error: Invalid version naming: test",
                "status": "ERROR"
            },
            {
                "message": "Failed to generate version v0.4.2-blueos for extension deepwaterexploration.dwe_os_2, error: Error on Docker Auth API with status 401",
                "status": "ERROR"
            },
            {
                "message": "Failed to generate version v0.5.0-arm64 for extension deepwaterexploration.dwe_os_2, error: Error on Docker Auth API with status 401",
                "status": "ERROR"
            },
            {
                "message": "Failed to generate version v0.4.3 for extension deepwaterexploration.dwe_os_2, error: Error on Docker Auth API with status 401",
                "status": "ERROR"
            },
            {
                "message": "Failed to generate version v0.4.3-blueos for extension deepwaterexploration.dwe_os_2, error: Error on Docker Auth API with status 401",
                "status": "ERROR"
            },
            {
                "message": "Failed to generate version v0.5.1-asic for extension deepwaterexploration.dwe_os_2, error: Error on Docker Auth API with status 401",
                "status": "ERROR"
            },
            {
                "message": "Failed to generate version v0.4.1-beta-3.9 for extension deepwaterexploration.dwe_os_2, error: Error on Docker Auth API with status 401",
                "status": "ERROR"
            }
        ],
        "itskalvik.ros2": [
            {
                "message": "Starting metadata processing for itskalvik.ros2",
                "status": "INFO"
            },
            {
                "message": "Finished metadata processing for itskalvik.ros2",
                "status": "INFO"
            },
            {
                "message": "Failed to generate version 0.0.3 for extension itskalvik.ros2, error: Error on Docker Auth API with status 401",
                "status": "ERROR"
            },
            {
                "message": "Failed to generate version 0.1.0 for extension itskalvik.ros2, error: Error on Docker Auth API with status 401",
                "status": "ERROR"
            },
            {
                "message": "Failed to generate version 0.0.4 for extension itskalvik.ros2, error: Error on Docker Auth API with status 401",
                "status": "ERROR"
            },
            {
                "message": "Failed to generate version 0.0.1 for extension itskalvik.ros2, error: Error on Docker Auth API with status 401",
                "status": "ERROR"
            },
            {
                "message": "Failed to generate version 0.0.2 for extension itskalvik.ros2, error: Error on Docker Auth API with status 401",
                "status": "ERROR"
            }
        ],
        "itskalvik.sgptools": [
            {
                "message": "Starting metadata processing for itskalvik.sgptools",
                "status": "INFO"
            },
            {
                "message": "Finished metadata processing for itskalvik.sgptools",
                "status": "INFO"
            },
            {
                "message": "Invalid tag name beta for extension itskalvik.sgptools, error: Invalid version naming: beta",
                "status": "ERROR"
            },
            {
                "message": "Invalid tag name simulator for extension itskalvik.sgptools, error: Invalid version naming: simulator",
                "status": "ERROR"
            },
            {
                "message": "Failed to generate version 0.0.3 for extension itskalvik.sgptools, error: Error on Docker Auth API with status 401",
                "status": "ERROR"
            },
            {
                "message": "Failed to generate version 0.0.1 for extension itskalvik.sgptools, error: Error on Docker Auth API with status 401",
                "status": "ERROR"
            },
            {
                "message": "Failed to generate version 0.0.2 for extension itskalvik.sgptools, error: Error on Docker Auth API with status 401",
                "status": "ERROR"
            }
        ],
        "jmrobotics.jm-connect": [
            {
                "message": "Starting metadata processing for jmrobotics.jm-connect",
                "status": "INFO"
            },
            {
                "message": "Finished metadata processing for jmrobotics.jm-connect",
                "status": "INFO"
            },
            {
                "message": "Unable to fetch tags for jmrobotics.jm-connect, error: Error on GET Docker HUB API with status 429 on call to https://hub.docker.com/v2//repositories/maphstra/jm-connect-blueos/tags?page_size=25&page=1&ordering=last_updated",
                "status": "ERROR"
            }
        ],
        "marinesitu.madrona": [
            {
                "message": "Starting metadata processing for marinesitu.madrona",
                "status": "INFO"
            },
            {
                "message": "Finished metadata processing for marinesitu.madrona",
                "status": "INFO"
            },
            {
                "message": "Invalid tag name 970025d6 for extension marinesitu.madrona, error: Invalid version naming: 970025d6",
                "status": "ERROR"
            },
            {
                "message": "Invalid tag name latest for extension marinesitu.madrona, error: Invalid version naming: latest",
                "status": "ERROR"
            },
            {
                "message": "Invalid tag name cache-amd64 for extension marinesitu.madrona, error: Invalid version naming: cache-amd64",
                "status": "ERROR"
            },
            {
                "message": "Invalid tag name 970025d6-amd64 for extension marinesitu.madrona, error: Invalid version naming: 970025d6-amd64",
                "status": "ERROR"
            },
            {
                "message": "Invalid tag name cache-armv7 for extension marinesitu.madrona, error: Invalid version naming: cache-armv7",
                "status": "ERROR"
            },
            {
                "message": "Invalid tag name cache-arm64 for extension marinesitu.madrona, error: Invalid version naming: cache-arm64",
                "status": "ERROR"
            },
            {
                "message": "Invalid tag name 970025d6-armv7 for extension marinesitu.madrona, error: Invalid version naming: 970025d6-armv7",
                "status": "ERROR"
            },
            {
                "message": "Invalid tag name 970025d6-arm64 for extension marinesitu.madrona, error: Invalid version naming: 970025d6-arm64",
                "status": "ERROR"
            },
            {
                "message": "Invalid tag name 24c55b4d for extension marinesitu.madrona, error: Invalid version naming: 24c55b4d",
                "status": "ERROR"
            },
            {
                "message": "Invalid tag name 24c55b4d-arm64 for extension marinesitu.madrona, error: Invalid version naming: 24c55b4d-arm64",
                "status": "ERROR"
            },
            {
                "message": "Invalid tag name 24c55b4d-armv7 for extension marinesitu.madrona, error: Invalid version naming: 24c55b4d-armv7",
                "status": "ERROR"
            },
            {
                "message": "Invalid tag name 24c55b4d-amd64 for extension marinesitu.madrona, error: Invalid version naming: 24c55b4d-amd64",
                "status": "ERROR"
            },
            {
                "message": "Invalid tag name dapistab1 for extension marinesitu.madrona, error: Invalid version naming: dapistab1",
                "status": "ERROR"
            },
            {
                "message": "Invalid tag name 86b9b4cd for extension marinesitu.madrona, error: Invalid version naming: 86b9b4cd",
                "status": "ERROR"
            },
            {
                "message": "Invalid tag name 86b9b4cd-arm64 for extension marinesitu.madrona, error: Invalid version naming: 86b9b4cd-arm64",
                "status": "ERROR"
            },
            {
                "message": "Invalid tag name 86b9b4cd-armv7 for extension marinesitu.madrona, error: Invalid version naming: 86b9b4cd-armv7",
                "status": "ERROR"
            },
            {
                "message": "Invalid tag name 86b9b4cd-amd64 for extension marinesitu.madrona, error: Invalid version naming: 86b9b4cd-amd64",
                "status": "ERROR"
            },
            {
                "message": "Invalid tag name dbcb771e for extension marinesitu.madrona, error: Invalid version naming: dbcb771e",
                "status": "ERROR"
            },
            {
                "message": "Invalid tag name dbcb771e-arm64 for extension marinesitu.madrona, error: Invalid version naming: dbcb771e-arm64",
                "status": "ERROR"
            },
            {
                "message": "Invalid tag name dbcb771e-armv7 for extension marinesitu.madrona, error: Invalid version naming: dbcb771e-armv7",
                "status": "ERROR"
            },
            {
                "message": "Failed to generate version 1.13.2 for extension marinesitu.madrona, error: Error on Docker Auth API with status 401",
                "status": "ERROR"
            },
            {
                "message": "Failed to generate version 1.13.1 for extension marinesitu.madrona, error: Error on Docker Auth API with status 401",
                "status": "ERROR"
            },
            {
                "message": "Failed to generate version 1.12.2 for extension marinesitu.madrona, error: Error on Docker Auth API with status 401",
                "status": "ERROR"
            },
            {
                "message": "Failed to generate version 1.13.0 for extension marinesitu.madrona, error: Error on Docker Auth API with status 401",
                "status": "ERROR"
            },
            {
                "message": "Failed to generate version 1.3.1 for extension marinesitu.madrona, error: Error on Docker Auth API with status 401",
                "status": "ERROR"
            }
        ],
        "nortekgroup.nucleus": [
            {
                "message": "Starting metadata processing for nortekgroup.nucleus",
                "status": "INFO"
            },
            {
                "message": "Extension logo not found for nortekgroup.nucleus, trying to use company logo as alternative",
                "status": "WARNING"
            },
            {
                "message": "Finished metadata processing for nortekgroup.nucleus",
                "status": "INFO"
            },
            {
                "message": "Invalid tag name latest for extension nortekgroup.nucleus, error: Invalid version naming: latest",
                "status": "ERROR"
            },
            {
                "message": "Failed to generate version 2.0.7 for extension nortekgroup.nucleus, error: Error on Docker Auth API with status 401",
                "status": "ERROR"
            },
            {
                "message": "Failed to generate version 1.1.0 for extension nortekgroup.nucleus, error: Error on Docker Auth API with status 401",
                "status": "ERROR"
            },
            {
                "message": "Failed to generate version 2.0.8 for extension nortekgroup.nucleus, error: Error on Docker Auth API with status 401",
                "status": "ERROR"
            },
            {
                "message": "Failed to generate version 1.2.0 for extension nortekgroup.nucleus, error: Error on Docker Auth API with status 401",
                "status": "ERROR"
            },
            {
                "message": "Failed to generate version 2.0.4 for extension nortekgroup.nucleus, error: Error on Docker Auth API with status 401",
                "status": "ERROR"
            },
            {
                "message": "Failed to generate version 2.0.5 for extension nortekgroup.nucleus, error: Error on Docker Auth API with status 401",
                "status": "ERROR"
            },
            {
                "message": "Failed to generate version 2.0.1 for extension nortekgroup.nucleus, error: Error on Docker Auth API with status 401",
                "status": "ERROR"
            },
            {
                "message": "Failed to generate version 2.0.2 for extension nortekgroup.nucleus, error: Error on Docker Auth API with status 401",
                "status": "ERROR"
            },
            {
                "message": "Failed to generate version 2.0.0 for extension nortekgroup.nucleus, error: Error on Docker Auth API with status 401",
                "status": "ERROR"
            },
            {
                "message": "Failed to generate version 2.0.6 for extension nortekgroup.nucleus, error: Error on Docker Auth API with status 401",
                "status": "ERROR"
            },
            {
                "message": "Failed to generate version 2.0.3 for extension nortekgroup.nucleus, error: Error on Docker Auth API with status 401",
                "status": "ERROR"
            },
            {
                "message": "Failed to generate version 1.0.4 for extension nortekgroup.nucleus, error: Error on Docker Auth API with status 401",
                "status": "ERROR"
            },
            {
                "message": "Failed to generate version 1.0.0 for extension nortekgroup.nucleus, error: Error on Docker Auth API with status 401",
                "status": "ERROR"
            },
            {
                "message": "Failed to generate version 1.0.1 for extension nortekgroup.nucleus, error: Error on Docker Auth API with status 401",
                "status": "ERROR"
            },
            {
                "message": "Failed to generate version 0.0.6 for extension nortekgroup.nucleus, error: Error on Docker Auth API with status 401",
                "status": "ERROR"
            },
            {
                "message": "Failed to generate version 0.0.8 for extension nortekgroup.nucleus, error: Error on Docker Auth API with status 401",
                "status": "ERROR"
            },
            {
                "message": "Failed to generate version 1.0.2 for extension nortekgroup.nucleus, error: Error on Docker Auth API with status 401",
                "status": "ERROR"
            },
            {
                "message": "Failed to generate version 0.0.7 for extension nortekgroup.nucleus, error: Error on Docker Auth API with status 401",
                "status": "ERROR"
            }
        ],
        "patrickelectric.foxglove": [
            {
                "message": "Starting metadata processing for patrickelectric.foxglove",
                "status": "INFO"
            },
            {
                "message": "Finished metadata processing for patrickelectric.foxglove",
                "status": "INFO"
            },
            {
                "message": "Invalid tag name test for extension patrickelectric.foxglove, error: Invalid version naming: test",
                "status": "ERROR"
            },
            {
                "message": "Failed to generate version 0.0.2 for extension patrickelectric.foxglove, error: Error on Docker Auth API with status 401",
                "status": "ERROR"
            },
            {
                "message": "Failed to generate version 0.0.0 for extension patrickelectric.foxglove, error: Error on Docker Auth API with status 401",
                "status": "ERROR"
            },
            {
                "message": "Failed to generate version 0.0.3 for extension patrickelectric.foxglove, error: Error on Docker Auth API with status 401",
                "status": "ERROR"
            },
            {
                "message": "Failed to generate version 0.0.1 for extension patrickelectric.foxglove, error: Error on Docker Auth API with status 401",
                "status": "ERROR"
            },
            {
                "message": "Failed to generate version 0.0.4 for extension patrickelectric.foxglove, error: Error on Docker Auth API with status 401",
                "status": "ERROR"
            }
        ],
        "patrickelectric.starlink-position": [
            {
                "message": "Starting metadata processing for patrickelectric.starlink-position",
                "status": "INFO"
            },
            {
                "message": "Finished metadata processing for patrickelectric.starlink-position",
                "status": "INFO"
            },
            {
                "message": "Invalid tag name latest for extension patrickelectric.starlink-position, error: Invalid version naming: latest",
                "status": "ERROR"
            },
            {
                "message": "Invalid tag name master for extension patrickelectric.starlink-position, error: Invalid version naming: master",
                "status": "ERROR"
            },
            {
                "message": "Failed to generate version 1.0.2 for extension patrickelectric.starlink-position, error: Error on Docker Auth API with status 401",
                "status": "ERROR"
            },
            {
                "message": "Failed to generate version 1.0.4 for extension patrickelectric.starlink-position, error: Error on Docker Auth API with status 401",
                "status": "ERROR"
            },
            {
                "message": "Failed to generate version 1.0.3 for extension patrickelectric.starlink-position, error: Error on Docker Auth API with status 401",
                "status": "ERROR"
            },
            {
                "message": "Failed to generate version 1.0.1 for extension patrickelectric.starlink-position, error: Error on Docker Auth API with status 401",
                "status": "ERROR"
            },
            {
                "message": "Failed to generate version 1.0.0 for extension patrickelectric.starlink-position, error: Error on Docker Auth API with status 401",
                "status": "ERROR"
            }
        ],
        "rmackay9.camera-download": [
            {
                "message": "Starting metadata processing for rmackay9.camera-download",
                "status": "INFO"
            },
            {
                "message": "Finished metadata processing for rmackay9.camera-download",
                "status": "INFO"
            },
            {
                "message": "Invalid tag name latest for extension rmackay9.camera-download, error: Invalid version naming: latest",
                "status": "ERROR"
            },
            {
                "message": "Failed to generate version 0.0.2 for extension rmackay9.camera-download, error: Error on Docker Auth API with status 401",
                "status": "ERROR"
            },
            {
                "message": "Failed to generate version 0.0.1 for extension rmackay9.camera-download, error: Error on Docker Auth API with status 401",
                "status": "ERROR"
            },
            {
                "message": "Failed to generate version 0.0.3 for extension rmackay9.camera-download, error: Error on Docker Auth API with status 401",
                "status": "ERROR"
            }
        ],
        "sonardyne.navsync_pro": [
            {
                "message": "Starting metadata processing for sonardyne.navsync_pro",
                "status": "INFO"
            },
            {
                "message": "Finished metadata processing for sonardyne.navsync_pro",
                "status": "INFO"
            },
            {
                "message": "Unable to fetch tags for sonardyne.navsync_pro, error: Error on GET Docker HUB API with status 429 on call to https://hub.docker.com/v2//repositories/sonardyne/blueos-sprint-nav-extension/",
                "status": "ERROR"
            }
        ],
        "vshie.pingSurvey": [
            {
                "message": "Starting metadata processing for vshie.pingSurvey",
                "status": "INFO"
            },
            {
                "message": "Finished metadata processing for vshie.pingSurvey",
                "status": "INFO"
            },
            {
                "message": "Invalid tag name dev for extension vshie.pingSurvey, error: Invalid version naming: dev",
                "status": "ERROR"
            },
            {
                "message": "Invalid tag name main for extension vshie.pingSurvey, error: Invalid version naming: main",
                "status": "ERROR"
            },
            {
                "message": "Invalid tag name sysidfix for extension vshie.pingSurvey, error: Invalid version naming: sysidfix",
                "status": "ERROR"
            },
            {
                "message": "Invalid tag name dev-v1.5.0 for extension vshie.pingSurvey, error: Invalid version naming: dev-v1.5.0",
                "status": "ERROR"
            },
            {
                "message": "Invalid tag name dev-v1.4.0 for extension vshie.pingSurvey, error: Invalid version naming: dev-v1.4.0",
                "status": "ERROR"
            },
            {
                "message": "Invalid tag name dev-v1.3.0 for extension vshie.pingSurvey, error: Invalid version naming: dev-v1.3.0",
                "status": "ERROR"
            },
            {
                "message": "Invalid tag name dev-v1.2.0 for extension vshie.pingSurvey, error: Invalid version naming: dev-v1.2.0",
                "status": "ERROR"
            },
            {
                "message": "Invalid tag name dev-v1.0.0 for extension vshie.pingSurvey, error: Invalid version naming: dev-v1.0.0",
                "status": "ERROR"
            },
            {
                "message": "Invalid tag name autopilot-detection for extension vshie.pingSurvey, error: Invalid version naming: autopilot-detection",
                "status": "ERROR"
            },
            {
                "message": "Failed to generate version v1.0.1 for extension vshie.pingSurvey, error: Error on Docker Auth API with status 401",
                "status": "ERROR"
            },
            {
                "message": "Failed to generate version v1.0.0 for extension vshie.pingSurvey, error: Error on Docker Auth API with status 401",
                "status": "ERROR"
            },
            {
                "message": "Failed to generate version v1.2.0 for extension vshie.pingSurvey, error: Error on Docker Auth API with status 401",
                "status": "ERROR"
            },
            {
                "message": "Failed to generate version v1.1.0 for extension vshie.pingSurvey, error: Error on Docker Auth API with status 401",
                "status": "ERROR"
            }
        ],
        "waterlinked.sonar": [
            {
                "message": "Starting metadata processing for waterlinked.sonar",
                "status": "INFO"
            },
            {
                "message": "Finished metadata processing for waterlinked.sonar",
                "status": "INFO"
            },
            {
                "message": "Invalid tag name latest for extension waterlinked.sonar, error: Invalid version naming: latest",
                "status": "ERROR"
            },
            {
                "message": "Failed to generate version v1.0.0 for extension waterlinked.sonar, error: Error on Docker Auth API with status 401",
                "status": "ERROR"
            }
        ],
        "waterlinked.ugps": [
            {
                "message": "Starting metadata processing for waterlinked.ugps",
                "status": "INFO"
            },
            {
                "message": "Finished metadata processing for waterlinked.ugps",
                "status": "INFO"
            },
            {
                "message": "Invalid tag name latest for extension waterlinked.ugps, error: Invalid version naming: latest",
                "status": "ERROR"
            },
            {
                "message": "Failed to generate version v1.0.7 for extension waterlinked.ugps, error: Error on Docker Auth API with status 401",
                "status": "ERROR"
            },
            {
                "message": "Failed to generate version v1.0.7-beta.2 for extension waterlinked.ugps, error: Error on Docker Auth API with status 401",
                "status": "ERROR"
            },
            {
                "message": "Failed to generate version v1.0.6 for extension waterlinked.ugps, error: Error on Docker Auth API with status 401",
                "status": "ERROR"
            },
            {
                "message": "Failed to generate version v1.0.4 for extension waterlinked.ugps, error: Error on Docker Auth API with status 401",
                "status": "ERROR"
            },
            {
                "message": "Failed to generate version v1.0.7-beta.5 for extension waterlinked.ugps, error: Error on Docker Auth API with status 401",
                "status": "ERROR"
            }
        ],
        "williangalvani.blueos-proxy": [
            {
                "message": "Starting metadata processing for williangalvani.blueos-proxy",
                "status": "INFO"
            },
            {
                "message": "Finished metadata processing for williangalvani.blueos-proxy",
                "status": "INFO"
            },
            {
                "message": "Invalid tag name master for extension williangalvani.blueos-proxy, error: Invalid version naming: master",
                "status": "ERROR"
            },
            {
                "message": "Invalid tag name iframes for extension williangalvani.blueos-proxy, error: Invalid version naming: iframes",
                "status": "ERROR"
            },
            {
                "message": "Invalid tag name nocache for extension williangalvani.blueos-proxy, error: Invalid version naming: nocache",
                "status": "ERROR"
            },
            {
                "message": "Invalid tag name websockets for extension williangalvani.blueos-proxy, error: Invalid version naming: websockets",
                "status": "ERROR"
            },
            {
                "message": "Failed to generate version v1.0.5 for extension williangalvani.blueos-proxy, error: Error on Docker Auth API with status 401",
                "status": "ERROR"
            },
            {
                "message": "Failed to generate version v1.0.6 for extension williangalvani.blueos-proxy, error: Error on Docker Auth API with status 401",
                "status": "ERROR"
            },
            {
                "message": "Failed to generate version v1.0.3 for extension williangalvani.blueos-proxy, error: Error on Docker Auth API with status 401",
                "status": "ERROR"
            },
            {
                "message": "Failed to generate version v1.0.1 for extension williangalvani.blueos-proxy, error: Error on Docker Auth API with status 401",
                "status": "ERROR"
            },
            {
                "message": "Failed to generate version v1.0.2 for extension williangalvani.blueos-proxy, error: Error on Docker Auth API with status 401",
                "status": "ERROR"
            },
            {
                "message": "Failed to generate version v1.0.4 for extension williangalvani.blueos-proxy, error: Error on Docker Auth API with status 401",
                "status": "ERROR"
            },
            {
                "message": "Failed to generate version v0.0.1 for extension williangalvani.blueos-proxy, error: Error on Docker Auth API with status 401",
                "status": "ERROR"
            },
            {
                "message": "Failed to generate version v1.0.0 for extension williangalvani.blueos-proxy, error: Error on Docker Auth API with status 401",
                "status": "ERROR"
            }
        ],
        "williangalvani.dashcam": [
            {
                "message": "Starting metadata processing for williangalvani.dashcam",
                "status": "INFO"
            },
            {
                "message": "Finished metadata processing for williangalvani.dashcam",
                "status": "INFO"
            },
            {
                "message": "Unable to fetch tags for williangalvani.dashcam, error: Error on GET Docker HUB API with status 429 on call to https://hub.docker.com/v2//repositories/williangalvani/blueos-dashcam/",
                "status": "ERROR"
            }
        ],
        "williangalvani.example1": [
            {
                "message": "Starting metadata processing for williangalvani.example1",
                "status": "INFO"
            },
            {
                "message": "Finished metadata processing for williangalvani.example1",
                "status": "INFO"
            },
            {
                "message": "Failed to generate version v1.0.0 for extension williangalvani.example1, error: Error on Docker Auth API with status 401",
                "status": "ERROR"
            },
            {
                "message": "Failed to generate version v1.0.1 for extension williangalvani.example1, error: Error on Docker Auth API with status 401",
                "status": "ERROR"
            }
        ],
        "williangalvani.example2": [
            {
                "message": "Starting metadata processing for williangalvani.example2",
                "status": "INFO"
            },
            {
                "message": "Finished metadata processing for williangalvani.example2",
                "status": "INFO"
            },
            {
                "message": "Unable to fetch tags for williangalvani.example2, error: Error on GET Docker HUB API with status 429 on call to https://hub.docker.com/v2//repositories/williangalvani/blueos-example2/tags?page_size=25&page=1&ordering=last_updated",
                "status": "ERROR"
            }
        ],
        "williangalvani.example3": [
            {
                "message": "Starting metadata processing for williangalvani.example3",
                "status": "INFO"
            },
            {
                "message": "Finished metadata processing for williangalvani.example3",
                "status": "INFO"
            },
            {
                "message": "Failed to generate version v1.0.0 for extension williangalvani.example3, error: Error on Docker Auth API with status 401",
                "status": "ERROR"
            },
            {
                "message": "Failed to generate version v1.0.1 for extension williangalvani.example3, error: Error on Docker Auth API with status 401",
                "status": "ERROR"
            }
        ],
        "williangalvani.example4": [
            {
                "message": "Starting metadata processing for williangalvani.example4",
                "status": "INFO"
            },
            {
                "message": "Finished metadata processing for williangalvani.example4",
                "status": "INFO"
            },
            {
                "message": "Failed to generate version v1.0.0 for extension williangalvani.example4, error: Error on Docker Auth API with status 401",
                "status": "ERROR"
            },
            {
                "message": "Failed to generate version v1.0.1 for extension williangalvani.example4, error: Error on Docker Auth API with status 401",
                "status": "ERROR"
            }
        ],
        "williangalvani.example5": [
            {
                "message": "Starting metadata processing for williangalvani.example5",
                "status": "INFO"
            },
            {
                "message": "Finished metadata processing for williangalvani.example5",
                "status": "INFO"
            },
            {
                "message": "Unable to fetch tags for williangalvani.example5, error: Error on GET Docker HUB API with status 429 on call to https://hub.docker.com/v2//repositories/williangalvani/blueos-example5/tags?page_size=25&page=1&ordering=last_updated",
                "status": "ERROR"
            }
        ],
        "williangalvani.mediamtx": [
            {
                "message": "Starting metadata processing for williangalvani.mediamtx",
                "status": "INFO"
            },
            {
                "message": "Finished metadata processing for williangalvani.mediamtx",
                "status": "INFO"
            },
            {
                "message": "Invalid tag name master for extension williangalvani.mediamtx, error: Invalid version naming: master",
                "status": "ERROR"
            },
            {
                "message": "Invalid tag name latest for extension williangalvani.mediamtx, error: Invalid version naming: latest",
                "status": "ERROR"
            },
            {
                "message": "Failed to generate version v1.11.3 for extension williangalvani.mediamtx, error: Error on Docker Auth API with status 401",
                "status": "ERROR"
            },
            {
                "message": "Failed to generate version v1.11.4 for extension williangalvani.mediamtx, error: Error on Docker Auth API with status 401",
                "status": "ERROR"
            },
            {
                "message": "Failed to generate version v1.11.2 for extension williangalvani.mediamtx, error: Error on Docker Auth API with status 401",
                "status": "ERROR"
            },
            {
                "message": "Failed to generate version 1.11.2 for extension williangalvani.mediamtx, error: Error on Docker Auth API with status 401",
                "status": "ERROR"
            }
        ],
        "williangalvani.network-scanner": [
            {
                "message": "Starting metadata processing for williangalvani.network-scanner",
                "status": "INFO"
            },
            {
                "message": "Finished metadata processing for williangalvani.network-scanner",
                "status": "INFO"
            },
            {
                "message": "Unable to fetch tags for williangalvani.network-scanner, error: Error on GET Docker HUB API with status 429 on call to https://hub.docker.com/v2//repositories/williangalvani/blueos-network-scanner/tags?page_size=25&page=1&ordering=last_updated",
                "status": "ERROR"
            }
        ],
        "williangalvani.oakd": [
            {
                "message": "Starting metadata processing for williangalvani.oakd",
                "status": "INFO"
            },
            {
                "message": "Finished metadata processing for williangalvani.oakd",
                "status": "INFO"
            },
            {
                "message": "Failed to generate version v1.0.0 for extension williangalvani.oakd, error: Error on Docker Auth API with status 401",
                "status": "ERROR"
            },
            {
                "message": "Failed to generate version v1.0.1-heta.1 for extension williangalvani.oakd, error: Error on Docker Auth API with status 401",
                "status": "ERROR"
            },
            {
                "message": "Failed to generate version v1.0.1 for extension williangalvani.oakd, error: Error on Docker Auth API with status 401",
                "status": "ERROR"
            }
        ],
        "williangalvani.plc-diagnostics": [
            {
                "message": "Starting metadata processing for williangalvani.plc-diagnostics",
                "status": "INFO"
            },
            {
                "message": "Finished metadata processing for williangalvani.plc-diagnostics",
                "status": "INFO"
            },
            {
                "message": "Invalid tag name named for extension williangalvani.plc-diagnostics, error: Invalid version naming: named",
                "status": "ERROR"
            },
            {
                "message": "Invalid tag name named2 for extension williangalvani.plc-diagnostics, error: Invalid version naming: named2",
                "status": "ERROR"
            },
            {
                "message": "Failed to generate version v1.0.2 for extension williangalvani.plc-diagnostics, error: Error on Docker Auth API with status 401",
                "status": "ERROR"
            },
            {
                "message": "Failed to generate version 1.0.0 for extension williangalvani.plc-diagnostics, error: Error on Docker Auth API with status 401",
                "status": "ERROR"
            },
            {
                "message": "Failed to generate version 1.0.1 for extension williangalvani.plc-diagnostics, error: Error on Docker Auth API with status 401",
                "status": "ERROR"
            },
            {
                "message": "Failed to generate version v1.0.0 for extension williangalvani.plc-diagnostics, error: Error on Docker Auth API with status 401",
                "status": "ERROR"
            },
            {
                "message": "Failed to generate version v1.0.3 for extension williangalvani.plc-diagnostics, error: Error on Docker Auth API with status 401",
                "status": "ERROR"
            },
            {
                "message": "Failed to generate version 0.0.5 for extension williangalvani.plc-diagnostics, error: Error on Docker Auth API with status 401",
                "status": "ERROR"
            }
        ],
        "williangalvani.usbip": [
            {
                "message": "Starting metadata processing for williangalvani.usbip",
                "status": "INFO"
            },
            {
                "message": "Finished metadata processing for williangalvani.usbip",
                "status": "INFO"
            },
            {
                "message": "Invalid tag name test for extension williangalvani.usbip, error: Invalid version naming: test",
                "status": "ERROR"
            },
            {
                "message": "Failed to generate version v1.0.2 for extension williangalvani.usbip, error: Error on Docker Auth API with status 401",
                "status": "ERROR"
            },
            {
                "message": "Failed to generate version v1.0.0 for extension williangalvani.usbip, error: Error on Docker Auth API with status 401",
                "status": "ERROR"
            },
            {
                "message": "Failed to generate version v1.0.1 for extension williangalvani.usbip, error: Error on Docker Auth API with status 401",
                "status": "ERROR"
            },
            {
                "message": "Failed to generate version v1.0.4 for extension williangalvani.usbip, error: Error on Docker Auth API with status 401",
                "status": "ERROR"
            },
            {
                "message": "Failed to generate version v1.0.3 for extension williangalvani.usbip, error: Error on Docker Auth API with status 401",
                "status": "ERROR"
            }
        ],
        "williangalvani.virtualhere": [
            {
                "message": "Starting metadata processing for williangalvani.virtualhere",
                "status": "INFO"
            },
            {
                "message": "Finished metadata processing for williangalvani.virtualhere",
                "status": "INFO"
            },
            {
                "message": "Unable to fetch tags for williangalvani.virtualhere, error: Error on GET Docker HUB API with status 429 on call to https://hub.docker.com/v2//repositories/williangalvani/blueos-extension-virtualhere/tags?page_size=25&page=1&ordering=last_updated",
                "status": "ERROR"
            }
        ],
        "williangalvani.zerotier": [
            {
                "message": "Starting metadata processing for williangalvani.zerotier",
                "status": "INFO"
            },
            {
                "message": "Finished metadata processing for williangalvani.zerotier",
                "status": "INFO"
            },
            {
                "message": "Unable to fetch tags for williangalvani.zerotier, error: Error on GET Docker HUB API with status 429 on call to https://hub.docker.com/v2//repositories/williangalvani/zerotier/tags?page_size=25&page=1&ordering=last_updated",
                "status": "ERROR"
            }
        ]
    },
    "final_docker_rate_limit": null,
    "start_docker_rate_limit": null
}